
Memory Configuration

Name             Origin             Length             Attributes
sram             0x20000000         0x00005000         xrw
flash            0x08000000         0x00020000         xr
*default*        0x00000000         0xffffffff

Linker script and memory map


.TEXT           0x08000000      0x104
 *(.vectors)
 .vectors       0x08000000       0x4c startup.o
 *(.text)
 .text          0x0800004c        0x8 startup.o
 .text          0x08000054       0xb0 main.o
                0x08000054                main
 *(.rodata)

.glue_7         0x08000104        0x0
 .glue_7        0x00000000        0x0 linker stubs

.glue_7t        0x08000104        0x0
 .glue_7t       0x00000000        0x0 linker stubs

.vfp11_veneer   0x08000104        0x0
 .vfp11_veneer  0x00000000        0x0 linker stubs

.v4_bx          0x08000104        0x0
 .v4_bx         0x00000000        0x0 linker stubs

.iplt           0x08000104        0x0
 .iplt          0x00000000        0x0 startup.o

.igot.plt       0x08000104        0x0
 .igot.plt      0x00000000        0x0 startup.o

.rel.dyn        0x08000104        0x0
 .rel.iplt      0x00000000        0x0 startup.o

.DATA           0x08000104        0x4
 *(.data)
 .data          0x08000104        0x0 startup.o
 .data          0x08000104        0x4 main.o
                0x08000104                ODR

.BSS            0x20000000        0x0
 *(.bss)
 .bss           0x20000000        0x0 startup.o
 .bss           0x20000000        0x0 main.o
LOAD startup.o
LOAD main.o
OUTPUT(toggle_led_ByCortex-m3.elf elf32-littlearm)

.ARM.attributes
                0x00000000       0x2f
 .ARM.attributes
                0x00000000       0x21 startup.o
 .ARM.attributes
                0x00000021       0x33 main.o

.comment        0x00000000       0x11
 .comment       0x00000000       0x11 main.o
                                 0x12 (size before relaxing)

.debug_line     0x00000000       0xa1
 .debug_line    0x00000000       0x3b startup.o
 .debug_line    0x0000003b       0x66 main.o

.debug_info     0x00000000      0x1cb
 .debug_info    0x00000000       0x7b startup.o
 .debug_info    0x0000007b      0x150 main.o

.debug_abbrev   0x00000000       0xe7
 .debug_abbrev  0x00000000       0x14 startup.o
 .debug_abbrev  0x00000014       0xd3 main.o

.debug_aranges  0x00000000       0x40
 .debug_aranges
                0x00000000       0x20 startup.o
 .debug_aranges
                0x00000020       0x20 main.o

.debug_loc      0x00000000       0x38
 .debug_loc     0x00000000       0x38 main.o

.debug_str      0x00000000       0xe9
 .debug_str     0x00000000       0xe9 main.o
                                0x122 (size before relaxing)

.debug_frame    0x00000000       0x2c
 .debug_frame   0x00000000       0x2c main.o
