
Memory Configuration

Name             Origin             Length             Attributes
FLASH            0x00000000         0x20000000         xr
SRAM             0x20000000         0x20000000         xrw
*default*        0x00000000         0xffffffff

Linker script and memory map


.TEXT           0x00000000      0x19c
 *(.vectors*)
 .vectors       0x00000000       0x14 startup.o
                0x00000000                G_P_Array
 *(.text*)
 .text          0x00000014       0xc8 main.o
                0x00000014                main
 .text          0x000000dc       0xc0 startup.o
                0x000000dc                reset_handler
                0x00000190                Hard_Fault_handler
                0x00000190                NM_Fault_handler
                0x00000190                Default_handler
                0x00000190                NMI_handler
 *(.rodata)
                0x0000019c                _End_Text = .
                0x0000019c                . = ALIGN (0x4)

.glue_7         0x0000019c        0x0
 .glue_7        0x00000000        0x0 linker stubs

.glue_7t        0x0000019c        0x0
 .glue_7t       0x00000000        0x0 linker stubs

.vfp11_veneer   0x0000019c        0x0
 .vfp11_veneer  0x00000000        0x0 linker stubs

.v4_bx          0x0000019c        0x0
 .v4_bx         0x00000000        0x0 linker stubs

.iplt           0x0000019c        0x0
 .iplt          0x00000000        0x0 main.o

.igot.plt       0x0000019c        0x0
 .igot.plt      0x00000000        0x0 main.o

.rel.dyn        0x0000019c        0x0
 .rel.iplt      0x00000000        0x0 main.o

.DATA           0x20000000        0x0 load address 0x0000019c
                0x20000000                _Start_Data = .
 *(.data*)
 .data          0x20000000        0x0 main.o
 .data          0x20000000        0x0 startup.o
                0x20000000                _End_Data = .
                0x20000000                . = ALIGN (0x4)

.BSS            0x20000000      0x400 load address 0x0000019c
                0x20000000                _Start_Bss = .
 *(.bss*)
 .bss           0x20000000        0x0 main.o
 .bss           0x20000000      0x400 startup.o
                0x20000400                _End_Bss = .
                0x20000400                . = ALIGN (0x4)
LOAD main.o
LOAD startup.o
OUTPUT(lap3_ByCortex-m4.elf elf32-littlearm)

.debug_info     0x00000000      0x2b5
 .debug_info    0x00000000       0xe3 main.o
 .debug_info    0x000000e3      0x1d2 startup.o

.debug_abbrev   0x00000000      0x178
 .debug_abbrev  0x00000000       0x8a main.o
 .debug_abbrev  0x0000008a       0xee startup.o

.debug_loc      0x00000000       0x9c
 .debug_loc     0x00000000       0x38 main.o
 .debug_loc     0x00000038       0x64 startup.o

.debug_aranges  0x00000000       0x40
 .debug_aranges
                0x00000000       0x20 main.o
 .debug_aranges
                0x00000020       0x20 startup.o

.debug_line     0x00000000       0xea
 .debug_line    0x00000000       0x73 main.o
 .debug_line    0x00000073       0x77 startup.o

.debug_str      0x00000000      0x154
 .debug_str     0x00000000       0xbc main.o
                                 0xf5 (size before relaxing)
 .debug_str     0x000000bc       0x98 startup.o
                                0x17b (size before relaxing)

.comment        0x00000000       0x11
 .comment       0x00000000       0x11 main.o
                                 0x12 (size before relaxing)
 .comment       0x00000000       0x12 startup.o

.ARM.attributes
                0x00000000       0x33
 .ARM.attributes
                0x00000000       0x33 main.o
 .ARM.attributes
                0x00000033       0x33 startup.o

.debug_frame    0x00000000       0x78
 .debug_frame   0x00000000       0x2c main.o
 .debug_frame   0x0000002c       0x4c startup.o
